10.192.94.130 - - [30/Mar/2017:11:20:33 +0200] "GET /~crescence_yimnaingkamdem/raw_files/2_2.jpg HTTP/1.1" 200 158934 "http://ads.lan.iict.ch/~crescence_yimnaingkamdem/raw_files/" "Mozilla/5.0 (X11; Ubuntu; Linux x86_64; rv:52.0) Gecko/20100101 Firefox/52.0"
10.192.94.130 - - [30/Mar/2017:11:20:40 +0200] "GET /~crescence_yimnaingkamdem/raw_files/AGE-Photo-Comite-15-16_Web.jpg HTTP/1.1" 200 1057790 "http://ads.lan.iict.ch/~crescence_yimnaingkamdem/raw_files/" "Mozilla/5.0 (X11; Ubuntu; Linux x86_64; rv:52.0) Gecko/20100101 Firefox/52.0"
10.192.91.81 - - [30/Mar/2017:11:22:36 +0200] "GET /~antoine_nourazar/public_html/filename HTTP/1.1" 403 545 "-" "Mozilla/5.0 (X11; Ubuntu; Linux x86_64; rv:52.0) Gecko/20100101 Firefox/52.0"
10.192.94.120 - - [30/Mar/2017:11:23:04 +0200] "GET /~albert_einstein/foo.txt HTTP/1.1" 404 520 "-" "Mozilla/5.0 (X11; Ubuntu; Linux i686; rv:51.0) Gecko/20100101 Firefox/51.0"
10.192.94.120 - - [30/Mar/2017:11:23:04 +0200] "GET /favicon.ico HTTP/1.1" 404 506 "-" "Mozilla/5.0 (X11; Ubuntu; Linux i686; rv:51.0) Gecko/20100101 Firefox/51.0"
10.192.94.120 - - [30/Mar/2017:11:23:04 +0200] "GET /favicon.ico HTTP/1.1" 404 506 "-" "Mozilla/5.0 (X11; Ubuntu; Linux i686; rv:51.0) Gecko/20100101 Firefox/51.0"
10.192.94.120 - - [30/Mar/2017:11:23:50 +0200] "GET /~marie_lemdjonzinke/foo.txt HTTP/1.1" 304 179 "-" "Mozilla/5.0 (X11; Ubuntu; Linux i686; rv:51.0) Gecko/20100101 Firefox/51.0"
10.192.92.20 - - [30/Mar/2017:11:23:53 +0200] "GET /~matthieu_chatelan/page.html HTTP/1.1" 200 1201 "-" "Mozilla/5.0 (X11; Linux x86_64) AppleWebKit/537.36 (KHTML, like Gecko) Chrome/57.0.2987.133 Safari/537.36"
10.192.92.20 - - [30/Mar/2017:11:23:53 +0200] "GET /~matthieu_chatelan/thumb/2_2_thumb.jpg HTTP/1.1" 200 62470 "http://ads.lan.iict.ch/~matthieu_chatelan/page.html" "Mozilla/5.0 (X11; Linux x86_64) AppleWebKit/537.36 (KHTML, like Gecko) Chrome/57.0.2987.133 Safari/537.36"
10.192.92.20 - - [30/Mar/2017:11:23:53 +0200] "GET /~matthieu_chatelan/thumb/AGE-Photo-Comite-15-16_Web_thumb.jpg HTTP/1.1" 200 52516 "http://ads.lan.iict.ch/~matthieu_chatelan/page.html" "Mozilla/5.0 (X11; Linux x86_64) AppleWebKit/537.36 (KHTML, like Gecko) Chrome/57.0.2987.133 Safari/537.36"
10.192.92.20 - - [30/Mar/2017:11:23:53 +0200] "GET /~matthieu_chatelan/thumb/CdxBWrYUIAAH3Lq.jpg-large_thumb.jpg HTTP/1.1" 200 50260 "http://ads.lan.iict.ch/~matthieu_chatelan/page.html" "Mozilla/5.0 (X11; Linux x86_64) AppleWebKit/537.36 (KHTML, like Gecko) Chrome/57.0.2987.133 Safari/537.36"
10.192.92.20 - - [30/Mar/2017:11:23:53 +0200] "GET /~matthieu_chatelan/thumb/Cd2C4csWIAAbnYf.jpg-large_thumb.jpg HTTP/1.1" 200 11692 "http://ads.lan.iict.ch/~matthieu_chatelan/page.html" "Mozilla/5.0 (X11; Linux x86_64) AppleWebKit/537.36 (KHTML, like Gecko) Chrome/57.0.2987.133 Safari/537.36"
10.192.92.20 - - [30/Mar/2017:11:23:53 +0200] "GET /~matthieu_chatelan/thumb/Unknown_thumb.jpg HTTP/1.1" 200 14172 "http://ads.lan.iict.ch/~matthieu_chatelan/page.html" "Mozilla/5.0 (X11; Linux x86_64) AppleWebKit/537.36 (KHTML, like Gecko) Chrome/57.0.2987.133 Safari/537.36"
10.192.92.20 - - [30/Mar/2017:11:23:53 +0200] "GET /~matthieu_chatelan/thumb/stroch2_thumb.jpg HTTP/1.1" 200 76679 "http://ads.lan.iict.ch/~matthieu_chatelan/page.html" "Mozilla/5.0 (X11; Linux x86_64) AppleWebKit/537.36 (KHTML, like Gecko) Chrome/57.0.2987.133 Safari/537.36"
10.192.92.20 - - [30/Mar/2017:11:23:54 +0200] "GET /~matthieu_chatelan/thumb/bachelor_master_2016_thumb.jpg HTTP/1.1" 200 24308 "http://ads.lan.iict.ch/~matthieu_chatelan/page.html" "Mozilla/5.0 (X11; Linux x86_64) AppleWebKit/537.36 (KHTML, like Gecko) Chrome/57.0.2987.133 Safari/537.36"
10.192.92.20 - - [30/Mar/2017:11:23:54 +0200] "GET /~matthieu_chatelan/thumb/rapport-d-39-activit%C3%A9-2014_web_thumb.jpg HTTP/1.1" 200 27902 "http://ads.lan.iict.ch/~matthieu_chatelan/page.html" "Mozilla/5.0 (X11; Linux x86_64) AppleWebKit/537.36 (KHTML, like Gecko) Chrome/57.0.2987.133 Safari/537.36"
10.192.92.20 - - [30/Mar/2017:11:23:54 +0200] "GET /~matthieu_chatelan/thumb/gde_2015_2016_thumb.jpg HTTP/1.1" 200 20040 "http://ads.lan.iict.ch/~matthieu_chatelan/page.html" "Mozilla/5.0 (X11; Linux x86_64) AppleWebKit/537.36 (KHTML, like Gecko) Chrome/57.0.2987.133 Safari/537.36"
10.192.92.20 - - [30/Mar/2017:11:23:54 +0200] "GET /~matthieu_chatelan/page.html HTTP/1.1" 200 1200 "-" "Mozilla/5.0 (X11; Linux x86_64) AppleWebKit/537.36 (KHTML, like Gecko) Chrome/57.0.2987.133 Safari/537.36"
10.192.92.20 - - [30/Mar/2017:11:23:54 +0200] "GET /~matthieu_chatelan/thumb/2_2_thumb.jpg HTTP/1.1" 304 181 "http://ads.lan.iict.ch/~matthieu_chatelan/page.html" "Mozilla/5.0 (X11; Linux x86_64) AppleWebKit/537.36 (KHTML, like Gecko) Chrome/57.0.2987.133 Safari/537.36"
10.192.92.20 - - [30/Mar/2017:11:23:54 +0200] "GET /~matthieu_chatelan/thumb/AGE-Photo-Comite-15-16_Web_thumb.jpg HTTP/1.1" 304 181 "http://ads.lan.iict.ch/~matthieu_chatelan/page.html" "Mozilla/5.0 (X11; Linux x86_64) AppleWebKit/537.36 (KHTML, like Gecko) Chrome/57.0.2987.133 Safari/537.36"
10.192.92.20 - - [30/Mar/2017:11:23:54 +0200] "GET /~matthieu_chatelan/thumb/CdxBWrYUIAAH3Lq.jpg-large_thumb.jpg HTTP/1.1" 304 181 "http://ads.lan.iict.ch/~matthieu_chatelan/page.html" "Mozilla/5.0 (X11; Linux x86_64) AppleWebKit/537.36 (KHTML, like Gecko) Chrome/57.0.2987.133 Safari/537.36"
10.192.92.20 - - [30/Mar/2017:11:23:54 +0200] "GET /~matthieu_chatelan/thumb/stroch2_thumb.jpg HTTP/1.1" 304 182 "http://ads.lan.iict.ch/~matthieu_chatelan/page.html" "Mozilla/5.0 (X11; Linux x86_64) AppleWebKit/537.36 (KHTML, like Gecko) Chrome/57.0.2987.133 Safari/537.36"
10.192.92.20 - - [30/Mar/2017:11:23:54 +0200] "GET /~matthieu_chatelan/thumb/Cd2C4csWIAAbnYf.jpg-large_thumb.jpg HTTP/1.1" 304 181 "http://ads.lan.iict.ch/~matthieu_chatelan/page.html" "Mozilla/5.0 (X11; Linux x86_64) AppleWebKit/537.36 (KHTML, like Gecko) Chrome/57.0.2987.133 Safari/537.36"
10.192.92.20 - - [30/Mar/2017:11:23:54 +0200] "GET /~matthieu_chatelan/thumb/Unknown_thumb.jpg HTTP/1.1" 304 181 "http://ads.lan.iict.ch/~matthieu_chatelan/page.html" "Mozilla/5.0 (X11; Linux x86_64) AppleWebKit/537.36 (KHTML, like Gecko) Chrome/57.0.2987.133 Safari/537.36"
10.192.92.20 - - [30/Mar/2017:11:23:59 +0200] "GET /~matthieu_chatelan/raw_files/rapport-d-39-activit%C3%A9-2014_web.pdf HTTP/1.1" 200 2867040 "http://ads.lan.iict.ch/~matthieu_chatelan/page.html" "Mozilla/5.0 (X11; Linux x86_64) AppleWebKit/537.36 (KHTML, like Gecko) Chrome/57.0.2987.133 Safari/537.36"
10.192.92.20 - - [30/Mar/2017:11:24:00 +0200] "GET /~matthieu_chatelan/raw_files/rapport-d-39-activit%C3%A9-2014_web.pdf HTTP/1.1" 206 65891 "http://ads.lan.iict.ch/~matthieu_chatelan/raw_files/rapport-d-39-activit%C3%A9-2014_web.pdf" "Mozilla/5.0 (X11; Linux x86_64) AppleWebKit/537.36 (KHTML, like Gecko) Chrome/57.0.2987.133 Safari/537.36"
10.192.92.20 - - [30/Mar/2017:11:24:00 +0200] "GET /~matthieu_chatelan/raw_files/rapport-d-39-activit%C3%A9-2014_web.pdf HTTP/1.1" 206 6680987 "http://ads.lan.iict.ch/~matthieu_chatelan/raw_files/rapport-d-39-activit%C3%A9-2014_web.pdf" "Mozilla/5.0 (X11; Linux x86_64) AppleWebKit/537.36 (KHTML, like Gecko) Chrome/57.0.2987.133 Safari/537.36"
10.192.93.123 - - [30/Mar/2017:11:24:17 +0200] "GET /francine.youndzokengne/foo.txt HTTP/1.1" 404 526 "-" "Mozilla/5.0 (X11; Ubuntu; Linux x86_64; rv:52.0) Gecko/20100101 Firefox/52.0"
10.192.93.123 - - [30/Mar/2017:11:24:17 +0200] "GET /favicon.ico HTTP/1.1" 404 506 "-" "Mozilla/5.0 (X11; Ubuntu; Linux x86_64; rv:52.0) Gecko/20100101 Firefox/52.0"
10.192.93.123 - - [30/Mar/2017:11:24:17 +0200] "GET /favicon.ico HTTP/1.1" 404 506 "-" "Mozilla/5.0 (X11; Ubuntu; Linux x86_64; rv:52.0) Gecko/20100101 Firefox/52.0"
10.192.91.81 - - [30/Mar/2017:11:24:23 +0200] "GET /~antoine_nourazar/public_html/filename HTTP/1.1" 404 534 "-" "Mozilla/5.0 (X11; Ubuntu; Linux x86_64; rv:52.0) Gecko/20100101 Firefox/52.0"
10.192.91.81 - - [30/Mar/2017:11:24:32 +0200] "GET /~antoine_nourazar/public_html HTTP/1.1" 404 525 "-" "Mozilla/5.0 (X11; Ubuntu; Linux x86_64; rv:52.0) Gecko/20100101 Firefox/52.0"
10.192.91.81 - - [30/Mar/2017:11:24:41 +0200] "GET /~antoine_nourazar/public_html/foo.txt HTTP/1.1" 404 533 "-" "Mozilla/5.0 (X11; Ubuntu; Linux x86_64; rv:52.0) Gecko/20100101 Firefox/52.0"
10.192.91.81 - - [30/Mar/2017:11:24:50 +0200] "GET /~antoine_nourazar HTTP/1.1" 301 608 "-" "Mozilla/5.0 (X11; Ubuntu; Linux x86_64; rv:52.0) Gecko/20100101 Firefox/52.0"
10.192.91.81 - - [30/Mar/2017:11:24:50 +0200] "GET /~antoine_nourazar/ HTTP/1.1" 200 280 "-" "Mozilla/5.0 (X11; Ubuntu; Linux x86_64; rv:52.0) Gecko/20100101 Firefox/52.0"
10.192.92.175 - - [30/Mar/2017:11:25:03 +0200] "GET /~albert_einstein/foo.txt HTTP/1.1" 404 520 "-" "Mozilla/5.0 (Macintosh; Intel Mac OS X 10_12_4) AppleWebKit/603.1.30 (KHTML, like Gecko) Version/10.1 Safari/603.1.30"
10.192.92.175 - - [30/Mar/2017:11:25:03 +0200] "GET /favicon.ico HTTP/1.1" 404 507 "http://ads.lan.iict.ch/~albert_einstein/foo.txt" "Mozilla/5.0 (Macintosh; Intel Mac OS X 10_12_4) AppleWebKit/603.1.30 (KHTML, like Gecko) Version/10.1 Safari/603.1.30"
10.192.92.175 - - [30/Mar/2017:11:25:17 +0200] "GET /~damien_carnal/foo.txt HTTP/1.1" 200 288 "-" "Mozilla/5.0 (Macintosh; Intel Mac OS X 10_12_4) AppleWebKit/603.1.30 (KHTML, like Gecko) Version/10.1 Safari/603.1.30"
10.192.91.81 - - [30/Mar/2017:11:27:43 +0200] "GET /~antoine_nourazar/public_html/foo HTTP/1.1" 404 529 "-" "Mozilla/5.0 (X11; Ubuntu; Linux x86_64; rv:52.0) Gecko/20100101 Firefox/52.0"
10.192.91.81 - - [30/Mar/2017:11:27:46 +0200] "GET /~antoine_nourazar/public_html/foo.txt HTTP/1.1" 404 532 "-" "Mozilla/5.0 (X11; Ubuntu; Linux x86_64; rv:52.0) Gecko/20100101 Firefox/52.0"
10.192.91.81 - - [30/Mar/2017:11:28:16 +0200] "GET /~antoine_nourazar/public_html/foo.txt HTTP/1.1" 404 533 "-" "Mozilla/5.0 (X11; Ubuntu; Linux x86_64; rv:52.0) Gecko/20100101 Firefox/52.0"
10.192.91.81 - - [30/Mar/2017:11:28:18 +0200] "GET /~antoine_nourazar/public_html/foo.txt HTTP/1.1" 404 532 "-" "Mozilla/5.0 (X11; Ubuntu; Linux x86_64; rv:52.0) Gecko/20100101 Firefox/52.0"
10.192.93.123 - - [30/Mar/2017:11:28:31 +0200] "GET /francine.youndzokengne/foo.txt HTTP/1.1" 404 526 "-" "Mozilla/5.0 (X11; Ubuntu; Linux x86_64; rv:52.0) Gecko/20100101 Firefox/52.0"
10.192.93.123 - - [30/Mar/2017:11:28:34 +0200] "GET /francine.youndzokengne/foo.txt HTTP/1.1" 404 525 "-" "Mozilla/5.0 (X11; Ubuntu; Linux x86_64; rv:52.0) Gecko/20100101 Firefox/52.0"
10.192.91.81 - - [30/Mar/2017:11:28:35 +0200] "GET /~antoine_nourazar/public_html/foo.txt/ HTTP/1.1" 404 534 "-" "Mozilla/5.0 (X11; Ubuntu; Linux x86_64; rv:52.0) Gecko/20100101 Firefox/52.0"
10.192.91.81 - - [30/Mar/2017:11:28:39 +0200] "GET /~antoine_nourazar/public_html/foo.txt HTTP/1.1" 404 532 "-" "Mozilla/5.0 (X11; Ubuntu; Linux x86_64; rv:52.0) Gecko/20100101 Firefox/52.0"
10.192.93.123 - - [30/Mar/2017:11:28:40 +0200] "GET /francine.youndzokengne/foo.txt HTTP/1.1" 404 526 "-" "Mozilla/5.0 (X11; Ubuntu; Linux x86_64; rv:52.0) Gecko/20100101 Firefox/52.0"
10.192.91.81 - - [30/Mar/2017:11:28:46 +0200] "GET /~antoine_nourazar/ HTTP/1.1" 304 179 "-" "Mozilla/5.0 (X11; Ubuntu; Linux x86_64; rv:52.0) Gecko/20100101 Firefox/52.0"
10.192.95.18 - - [30/Mar/2017:11:29:24 +0200] "GET /~hyacinthe_kamenithchieko/ HTTP/1.1" 200 755 "-" "Mozilla/5.0 (X11; Ubuntu; Linux x86_64; rv:52.0) Gecko/20100101 Firefox/52.0"
10.192.95.18 - - [30/Mar/2017:11:29:24 +0200] "GET /icons/blank.gif HTTP/1.1" 304 179 "http://ads.lan.iict.ch/~hyacinthe_kamenithchieko/" "Mozilla/5.0 (X11; Ubuntu; Linux x86_64; rv:52.0) Gecko/20100101 Firefox/52.0"
10.192.95.18 - - [30/Mar/2017:11:29:24 +0200] "GET /icons/back.gif HTTP/1.1" 304 179 "http://ads.lan.iict.ch/~hyacinthe_kamenithchieko/" "Mozilla/5.0 (X11; Ubuntu; Linux x86_64; rv:52.0) Gecko/20100101 Firefox/52.0"
10.192.95.18 - - [30/Mar/2017:11:29:24 +0200] "GET /icons/text.gif HTTP/1.1" 304 179 "http://ads.lan.iict.ch/~hyacinthe_kamenithchieko/" "Mozilla/5.0 (X11; Ubuntu; Linux x86_64; rv:52.0) Gecko/20100101 Firefox/52.0"
10.192.95.18 - - [30/Mar/2017:11:29:24 +0200] "GET /icons/folder.gif HTTP/1.1" 304 180 "http://ads.lan.iict.ch/~hyacinthe_kamenithchieko/" "Mozilla/5.0 (X11; Ubuntu; Linux x86_64; rv:52.0) Gecko/20100101 Firefox/52.0"
10.192.95.18 - - [30/Mar/2017:11:29:26 +0200] "GET /~hyacinthe_kamenithchieko/raw_files/ HTTP/1.1" 200 1035 "http://ads.lan.iict.ch/~hyacinthe_kamenithchieko/" "Mozilla/5.0 (X11; Ubuntu; Linux x86_64; rv:52.0) Gecko/20100101 Firefox/52.0"
10.192.95.18 - - [30/Mar/2017:11:29:26 +0200] "GET /icons/unknown.gif HTTP/1.1" 200 528 "http://ads.lan.iict.ch/~hyacinthe_kamenithchieko/raw_files/" "Mozilla/5.0 (X11; Ubuntu; Linux x86_64; rv:52.0) Gecko/20100101 Firefox/52.0"
10.192.95.18 - - [30/Mar/2017:11:29:30 +0200] "GET /~hyacinthe_kamenithchieko/raw_files/shows_dimensions HTTP/1.1" 200 281 "http://ads.lan.iict.ch/~hyacinthe_kamenithchieko/raw_files/" "Mozilla/5.0 (X11; Ubuntu; Linux x86_64; rv:52.0) Gecko/20100101 Firefox/52.0"
10.192.92.20 - - [30/Mar/2017:11:29:32 +0200] "-" 408 0 "-" "-"
10.192.92.20 - - [30/Mar/2017:11:29:32 +0200] "-" 408 0 "-" "-"
10.192.92.20 - - [30/Mar/2017:11:29:32 +0200] "-" 408 0 "-" "-"
10.192.92.20 - - [30/Mar/2017:11:29:32 +0200] "-" 408 0 "-" "-"
10.192.92.20 - - [30/Mar/2017:11:29:32 +0200] "-" 408 0 "-" "-"
10.192.91.81 - - [30/Mar/2017:11:29:50 +0200] "GET /~antoine_nourazar/ HTTP/1.1" 304 179 "-" "Mozilla/5.0 (X11; Ubuntu; Linux x86_64; rv:52.0) Gecko/20100101 Firefox/52.0"
10.192.91.81 - - [30/Mar/2017:11:30:02 +0200] "GET /~antoine_nourazar/public_html/foo.txt HTTP/1.1" 404 533 "-" "Mozilla/5.0 (X11; Ubuntu; Linux x86_64; rv:52.0) Gecko/20100101 Firefox/52.0"
10.192.93.123 - - [30/Mar/2017:11:30:11 +0200] "GET /francine.youndzokengne/foo.txt HTTP/1.1" 404 526 "-" "Mozilla/5.0 (X11; Ubuntu; Linux x86_64; rv:52.0) Gecko/20100101 Firefox/52.0"
10.192.91.221 - - [30/Mar/2017:11:33:33 +0200] "GET /~iando_rafidimalalathevoz/foo.txt HTTP/1.1" 403 540 "-" "Mozilla/5.0 (X11; Ubuntu; Linux x86_64; rv:52.0) Gecko/20100101 Firefox/52.0"
10.192.91.221 - - [30/Mar/2017:11:33:33 +0200] "GET /favicon.ico HTTP/1.1" 404 506 "-" "Mozilla/5.0 (X11; Ubuntu; Linux x86_64; rv:52.0) Gecko/20100101 Firefox/52.0"
10.192.91.221 - - [30/Mar/2017:11:33:33 +0200] "GET /favicon.ico HTTP/1.1" 404 506 "-" "Mozilla/5.0 (X11; Ubuntu; Linux x86_64; rv:52.0) Gecko/20100101 Firefox/52.0"
10.192.91.221 - - [30/Mar/2017:11:33:39 +0200] "GET /~iando_rafidimalalathevoz/ HTTP/1.1" 403 533 "-" "Mozilla/5.0 (X11; Ubuntu; Linux x86_64; rv:52.0) Gecko/20100101 Firefox/52.0"
10.192.95.78 - - [30/Mar/2017:11:35:38 +0200] "GET /~tano_iannetta/raw_files/ HTTP/1.1" 200 987 "-" "Mozilla/5.0 (X11; Ubuntu; Linux x86_64; rv:52.0) Gecko/20100101 Firefox/52.0"
10.192.95.78 - - [30/Mar/2017:11:35:38 +0200] "GET /icons/blank.gif HTTP/1.1" 304 179 "http://ads.lan.iict.ch/~tano_iannetta/raw_files/" "Mozilla/5.0 (X11; Ubuntu; Linux x86_64; rv:52.0) Gecko/20100101 Firefox/52.0"
10.192.95.78 - - [30/Mar/2017:11:35:38 +0200] "GET /icons/back.gif HTTP/1.1" 304 179 "http://ads.lan.iict.ch/~tano_iannetta/raw_files/" "Mozilla/5.0 (X11; Ubuntu; Linux x86_64; rv:52.0) Gecko/20100101 Firefox/52.0"
10.192.95.78 - - [30/Mar/2017:11:35:38 +0200] "GET /icons/image2.gif HTTP/1.1" 304 180 "http://ads.lan.iict.ch/~tano_iannetta/raw_files/" "Mozilla/5.0 (X11; Ubuntu; Linux x86_64; rv:52.0) Gecko/20100101 Firefox/52.0"
10.192.95.78 - - [30/Mar/2017:11:35:38 +0200] "GET /icons/layout.gif HTTP/1.1" 304 181 "http://ads.lan.iict.ch/~tano_iannetta/raw_files/" "Mozilla/5.0 (X11; Ubuntu; Linux x86_64; rv:52.0) Gecko/20100101 Firefox/52.0"
10.192.95.78 - - [30/Mar/2017:11:35:44 +0200] "GET /~tano_iannetta/ HTTP/1.1" 200 900 "-" "Mozilla/5.0 (X11; Ubuntu; Linux x86_64; rv:52.0) Gecko/20100101 Firefox/52.0"
10.192.95.78 - - [30/Mar/2017:11:35:44 +0200] "GET /icons/unknown.gif HTTP/1.1" 200 528 "http://ads.lan.iict.ch/~tano_iannetta/" "Mozilla/5.0 (X11; Ubuntu; Linux x86_64; rv:52.0) Gecko/20100101 Firefox/52.0"
10.192.95.78 - - [30/Mar/2017:11:35:44 +0200] "GET /icons/text.gif HTTP/1.1" 200 512 "http://ads.lan.iict.ch/~tano_iannetta/" "Mozilla/5.0 (X11; Ubuntu; Linux x86_64; rv:52.0) Gecko/20100101 Firefox/52.0"
10.192.95.78 - - [30/Mar/2017:11:35:44 +0200] "GET /icons/folder.gif HTTP/1.1" 200 509 "http://ads.lan.iict.ch/~tano_iannetta/" "Mozilla/5.0 (X11; Ubuntu; Linux x86_64; rv:52.0) Gecko/20100101 Firefox/52.0"
10.192.91.221 - - [30/Mar/2017:11:35:57 +0200] "GET /~iando_rafidimalalathevoz/foo.txt HTTP/1.1" 403 540 "-" "Mozilla/5.0 (X11; Ubuntu; Linux x86_64; rv:52.0) Gecko/20100101 Firefox/52.0"
10.192.95.78 - - [30/Mar/2017:11:35:59 +0200] "GET /~tano_iannetta/make_html HTTP/1.1" 200 256 "-" "Mozilla/5.0 (X11; Ubuntu; Linux x86_64; rv:52.0) Gecko/20100101 Firefox/52.0"
10.192.91.221 - - [30/Mar/2017:11:36:17 +0200] "GET /~iando_rafidimalalathevoz/public-html/foo.txt HTTP/1.1" 403 552 "-" "Mozilla/5.0 (X11; Ubuntu; Linux x86_64; rv:52.0) Gecko/20100101 Firefox/52.0"
10.192.91.221 - - [30/Mar/2017:11:36:25 +0200] "GET /~iando_rafidimalalathevoz/public_html/foo.txt HTTP/1.1" 403 552 "-" "Mozilla/5.0 (X11; Ubuntu; Linux x86_64; rv:52.0) Gecko/20100101 Firefox/52.0"
10.192.93.123 - - [30/Mar/2017:11:38:06 +0200] "GET /~francine_youndzokengne/foo.txt HTTP/1.1" 200 282 "-" "Mozilla/5.0 (X11; Ubuntu; Linux x86_64; rv:52.0) Gecko/20100101 Firefox/52.0"
10.192.95.78 - - [30/Mar/2017:11:38:15 +0200] "GET /~tano_iannetta/make_html HTTP/1.1" 200 348 "-" "Mozilla/5.0 (X11; Ubuntu; Linux x86_64; rv:52.0) Gecko/20100101 Firefox/52.0"
10.192.95.78 - - [30/Mar/2017:11:38:23 +0200] "GET /~tano_iannetta/show_dimensions HTTP/1.1" 200 460 "http://ads.lan.iict.ch/~tano_iannetta/" "Mozilla/5.0 (X11; Ubuntu; Linux x86_64; rv:52.0) Gecko/20100101 Firefox/52.0"
10.192.95.78 - - [30/Mar/2017:11:38:59 +0200] "GET /~tano_iannetta/ HTTP/1.1" 200 918 "-" "Mozilla/5.0 (X11; Ubuntu; Linux x86_64; rv:52.0) Gecko/20100101 Firefox/52.0"
10.192.95.78 - - [30/Mar/2017:11:38:59 +0200] "GET /icons/blank.gif HTTP/1.1" 304 179 "http://ads.lan.iict.ch/~tano_iannetta/" "Mozilla/5.0 (X11; Ubuntu; Linux x86_64; rv:52.0) Gecko/20100101 Firefox/52.0"
10.192.95.78 - - [30/Mar/2017:11:38:59 +0200] "GET /icons/back.gif HTTP/1.1" 304 179 "http://ads.lan.iict.ch/~tano_iannetta/" "Mozilla/5.0 (X11; Ubuntu; Linux x86_64; rv:52.0) Gecko/20100101 Firefox/52.0"
10.192.95.78 - - [30/Mar/2017:11:38:59 +0200] "GET /icons/unknown.gif HTTP/1.1" 304 180 "http://ads.lan.iict.ch/~tano_iannetta/" "Mozilla/5.0 (X11; Ubuntu; Linux x86_64; rv:52.0) Gecko/20100101 Firefox/52.0"
10.192.95.78 - - [30/Mar/2017:11:38:59 +0200] "GET /icons/text.gif HTTP/1.1" 304 179 "http://ads.lan.iict.ch/~tano_iannetta/" "Mozilla/5.0 (X11; Ubuntu; Linux x86_64; rv:52.0) Gecko/20100101 Firefox/52.0"
10.192.95.78 - - [30/Mar/2017:11:38:59 +0200] "GET /icons/folder.gif HTTP/1.1" 304 179 "http://ads.lan.iict.ch/~tano_iannetta/" "Mozilla/5.0 (X11; Ubuntu; Linux x86_64; rv:52.0) Gecko/20100101 Firefox/52.0"
10.192.95.78 - - [30/Mar/2017:11:39:00 +0200] "GET /~tano_iannetta/page.html HTTP/1.1" 200 984 "http://ads.lan.iict.ch/~tano_iannetta/" "Mozilla/5.0 (X11; Ubuntu; Linux x86_64; rv:52.0) Gecko/20100101 Firefox/52.0"
10.192.93.123 - - [30/Mar/2017:11:39:01 +0200] "GET /~francine_youndzokengne/foo.txt HTTP/1.1" 304 179 "-" "Mozilla/5.0 (X11; Ubuntu; Linux x86_64; rv:52.0) Gecko/20100101 Firefox/52.0"
10.192.93.123 - - [30/Mar/2017:11:39:03 +0200] "GET /~francine_youndzokengne/foo.txt HTTP/1.1" 304 178 "-" "Mozilla/5.0 (X11; Ubuntu; Linux x86_64; rv:52.0) Gecko/20100101 Firefox/52.0"
10.192.93.123 - - [30/Mar/2017:11:39:06 +0200] "GET /~francine_youndzokengne/foo.txt HTTP/1.1" 304 178 "-" "Mozilla/5.0 (X11; Ubuntu; Linux x86_64; rv:52.0) Gecko/20100101 Firefox/52.0"
10.192.93.123 - - [30/Mar/2017:11:39:07 +0200] "GET /~francine_youndzokengne/foo.txt HTTP/1.1" 304 178 "-" "Mozilla/5.0 (X11; Ubuntu; Linux x86_64; rv:52.0) Gecko/20100101 Firefox/52.0"
10.192.93.123 - - [30/Mar/2017:11:39:08 +0200] "GET /~francine_youndzokengne/foo.txt HTTP/1.1" 304 178 "-" "Mozilla/5.0 (X11; Ubuntu; Linux x86_64; rv:52.0) Gecko/20100101 Firefox/52.0"
10.192.93.123 - - [30/Mar/2017:11:39:37 +0200] "GET /~francine_youndzokengne/foo.txt HTTP/1.1" 200 289 "-" "Mozilla/5.0 (X11; Ubuntu; Linux x86_64; rv:52.0) Gecko/20100101 Firefox/52.0"
10.192.95.78 - - [30/Mar/2017:11:39:47 +0200] "GET /~tano_iannetta/template_begin.html HTTP/1.1" 200 985 "http://ads.lan.iict.ch/~tano_iannetta/" "Mozilla/5.0 (X11; Ubuntu; Linux x86_64; rv:52.0) Gecko/20100101 Firefox/52.0"
10.192.91.221 - - [30/Mar/2017:11:42:47 +0200] "GET /~iando_rafidimalalathevoz/public_html/foo.txt HTTP/1.1" 403 552 "-" "Mozilla/5.0 (X11; Ubuntu; Linux x86_64; rv:52.0) Gecko/20100101 Firefox/52.0"
10.192.91.221 - - [30/Mar/2017:11:42:50 +0200] "GET /~iando_rafidimalalathevoz/public_html/foo.txt HTTP/1.1" 403 551 "-" "Mozilla/5.0 (X11; Ubuntu; Linux x86_64; rv:52.0) Gecko/20100101 Firefox/52.0"
10.192.91.221 - - [30/Mar/2017:11:46:49 +0200] "GET /~iando_rafidimalalathevoz/public_html/foo.txt HTTP/1.1" 403 552 "-" "Mozilla/5.0 (X11; Ubuntu; Linux x86_64; rv:52.0) Gecko/20100101 Firefox/52.0"
10.192.91.221 - - [30/Mar/2017:11:46:50 +0200] "GET /~iando_rafidimalalathevoz/public_html/foo.txt HTTP/1.1" 403 551 "-" "Mozilla/5.0 (X11; Ubuntu; Linux x86_64; rv:52.0) Gecko/20100101 Firefox/52.0"
10.192.91.221 - - [30/Mar/2017:11:46:51 +0200] "GET /~iando_rafidimalalathevoz/public_html/foo.txt HTTP/1.1" 403 551 "-" "Mozilla/5.0 (X11; Ubuntu; Linux x86_64; rv:52.0) Gecko/20100101 Firefox/52.0"
10.192.91.221 - - [30/Mar/2017:11:46:51 +0200] "GET /~iando_rafidimalalathevoz/public_html/foo.txt HTTP/1.1" 403 551 "-" "Mozilla/5.0 (X11; Ubuntu; Linux x86_64; rv:52.0) Gecko/20100101 Firefox/52.0"
10.192.91.221 - - [30/Mar/2017:11:46:51 +0200] "GET /~iando_rafidimalalathevoz/public_html/foo.txt HTTP/1.1" 403 551 "-" "Mozilla/5.0 (X11; Ubuntu; Linux x86_64; rv:52.0) Gecko/20100101 Firefox/52.0"
10.192.91.221 - - [30/Mar/2017:11:46:51 +0200] "GET /~iando_rafidimalalathevoz/public_html/foo.txt HTTP/1.1" 403 551 "-" "Mozilla/5.0 (X11; Ubuntu; Linux x86_64; rv:52.0) Gecko/20100101 Firefox/52.0"
10.192.91.221 - - [30/Mar/2017:11:46:56 +0200] "GET /~iando_rafidimalalathevoz/ HTTP/1.1" 403 533 "-" "Mozilla/5.0 (X11; Ubuntu; Linux x86_64; rv:52.0) Gecko/20100101 Firefox/52.0"
10.192.91.221 - - [30/Mar/2017:11:47:03 +0200] "GET /~iando_rafidimalalathevoz/foo.txt HTTP/1.1" 403 540 "-" "Mozilla/5.0 (X11; Ubuntu; Linux x86_64; rv:52.0) Gecko/20100101 Firefox/52.0"
10.192.92.20 - - [30/Mar/2017:11:48:14 +0200] "GET /~matthieu_chatelan/page.html HTTP/1.1" 200 1201 "-" "Mozilla/5.0 (X11; Linux x86_64) AppleWebKit/537.36 (KHTML, like Gecko) Chrome/57.0.2987.133 Safari/537.36"
10.192.92.20 - - [30/Mar/2017:11:48:14 +0200] "GET /~matthieu_chatelan/thumb/2_2_thumb.jpg HTTP/1.1" 404 533 "http://ads.lan.iict.ch/~matthieu_chatelan/page.html" "Mozilla/5.0 (X11; Linux x86_64) AppleWebKit/537.36 (KHTML, like Gecko) Chrome/57.0.2987.133 Safari/537.36"
10.192.92.20 - - [30/Mar/2017:11:48:14 +0200] "GET /~matthieu_chatelan/thumb/AGE-Photo-Comite-15-16_Web_thumb.jpg HTTP/1.1" 404 557 "http://ads.lan.iict.ch/~matthieu_chatelan/page.html" "Mozilla/5.0 (X11; Linux x86_64) AppleWebKit/537.36 (KHTML, like Gecko) Chrome/57.0.2987.133 Safari/537.36"
10.192.92.20 - - [30/Mar/2017:11:48:14 +0200] "GET /~matthieu_chatelan/thumb/CdxBWrYUIAAH3Lq.jpg-large_thumb.jpg HTTP/1.1" 404 556 "http://ads.lan.iict.ch/~matthieu_chatelan/page.html" "Mozilla/5.0 (X11; Linux x86_64) AppleWebKit/537.36 (KHTML, like Gecko) Chrome/57.0.2987.133 Safari/537.36"
10.192.92.20 - - [30/Mar/2017:11:48:14 +0200] "GET /~matthieu_chatelan/thumb/Cd2C4csWIAAbnYf.jpg-large_thumb.jpg HTTP/1.1" 404 556 "http://ads.lan.iict.ch/~matthieu_chatelan/page.html" "Mozilla/5.0 (X11; Linux x86_64) AppleWebKit/537.36 (KHTML, like Gecko) Chrome/57.0.2987.133 Safari/537.36"
10.192.92.20 - - [30/Mar/2017:11:48:14 +0200] "GET /~matthieu_chatelan/thumb/stroch2_thumb.jpg HTTP/1.1" 404 538 "http://ads.lan.iict.ch/~matthieu_chatelan/page.html" "Mozilla/5.0 (X11; Linux x86_64) AppleWebKit/537.36 (KHTML, like Gecko) Chrome/57.0.2987.133 Safari/537.36"
10.192.92.20 - - [30/Mar/2017:11:48:14 +0200] "GET /~matthieu_chatelan/thumb/bachelor_master_2016_thumb.jpg HTTP/1.1" 404 551 "http://ads.lan.iict.ch/~matthieu_chatelan/page.html" "Mozilla/5.0 (X11; Linux x86_64) AppleWebKit/537.36 (KHTML, like Gecko) Chrome/57.0.2987.133 Safari/537.36"
10.192.92.20 - - [30/Mar/2017:11:48:14 +0200] "GET /~matthieu_chatelan/thumb/rapport-d-39-activit%C3%A9-2014_web_thumb.jpg HTTP/1.1" 404 561 "http://ads.lan.iict.ch/~matthieu_chatelan/page.html" "Mozilla/5.0 (X11; Linux x86_64) AppleWebKit/537.36 (KHTML, like Gecko) Chrome/57.0.2987.133 Safari/537.36"
10.192.92.20 - - [30/Mar/2017:11:48:14 +0200] "GET /~matthieu_chatelan/thumb/gde_2015_2016_thumb.jpg HTTP/1.1" 404 543 "http://ads.lan.iict.ch/~matthieu_chatelan/page.html" "Mozilla/5.0 (X11; Linux x86_64) AppleWebKit/537.36 (KHTML, like Gecko) Chrome/57.0.2987.133 Safari/537.36"
10.192.92.20 - - [30/Mar/2017:11:48:14 +0200] "GET /~matthieu_chatelan/thumb/Unknown_thumb.jpg HTTP/1.1" 404 537 "http://ads.lan.iict.ch/~matthieu_chatelan/page.html" "Mozilla/5.0 (X11; Linux x86_64) AppleWebKit/537.36 (KHTML, like Gecko) Chrome/57.0.2987.133 Safari/537.36"
10.192.92.20 - - [30/Mar/2017:11:48:28 +0200] "GET /~matthieu_chatelan/page.html HTTP/1.1" 200 1201 "-" "Mozilla/5.0 (X11; Linux x86_64) AppleWebKit/537.36 (KHTML, like Gecko) Chrome/57.0.2987.133 Safari/537.36"
10.192.92.20 - - [30/Mar/2017:11:48:28 +0200] "GET /~matthieu_chatelan/thumb/2_2_thumb.jpg HTTP/1.1" 200 62470 "http://ads.lan.iict.ch/~matthieu_chatelan/page.html" "Mozilla/5.0 (X11; Linux x86_64) AppleWebKit/537.36 (KHTML, like Gecko) Chrome/57.0.2987.133 Safari/537.36"
10.192.92.20 - - [30/Mar/2017:11:48:28 +0200] "GET /~matthieu_chatelan/thumb/AGE-Photo-Comite-15-16_Web_thumb.jpg HTTP/1.1" 200 52516 "http://ads.lan.iict.ch/~matthieu_chatelan/page.html" "Mozilla/5.0 (X11; Linux x86_64) AppleWebKit/537.36 (KHTML, like Gecko) Chrome/57.0.2987.133 Safari/537.36"
10.192.92.20 - - [30/Mar/2017:11:48:28 +0200] "GET /~matthieu_chatelan/thumb/Cd2C4csWIAAbnYf.jpg-large_thumb.jpg HTTP/1.1" 200 11692 "http://ads.lan.iict.ch/~matthieu_chatelan/page.html" "Mozilla/5.0 (X11; Linux x86_64) AppleWebKit/537.36 (KHTML, like Gecko) Chrome/57.0.2987.133 Safari/537.36"
10.192.92.20 - - [30/Mar/2017:11:48:28 +0200] "GET /~matthieu_chatelan/thumb/CdxBWrYUIAAH3Lq.jpg-large_thumb.jpg HTTP/1.1" 200 50260 "http://ads.lan.iict.ch/~matthieu_chatelan/page.html" "Mozilla/5.0 (X11; Linux x86_64) AppleWebKit/537.36 (KHTML, like Gecko) Chrome/57.0.2987.133 Safari/537.36"
10.192.92.20 - - [30/Mar/2017:11:48:28 +0200] "GET /~matthieu_chatelan/thumb/Unknown_thumb.jpg HTTP/1.1" 200 14172 "http://ads.lan.iict.ch/~matthieu_chatelan/page.html" "Mozilla/5.0 (X11; Linux x86_64) AppleWebKit/537.36 (KHTML, like Gecko) Chrome/57.0.2987.133 Safari/537.36"
10.192.92.20 - - [30/Mar/2017:11:48:28 +0200] "GET /~matthieu_chatelan/thumb/stroch2_thumb.jpg HTTP/1.1" 200 76679 "http://ads.lan.iict.ch/~matthieu_chatelan/page.html" "Mozilla/5.0 (X11; Linux x86_64) AppleWebKit/537.36 (KHTML, like Gecko) Chrome/57.0.2987.133 Safari/537.36"
10.192.92.20 - - [30/Mar/2017:11:48:28 +0200] "GET /~matthieu_chatelan/thumb/bachelor_master_2016_thumb.jpg HTTP/1.1" 200 24308 "http://ads.lan.iict.ch/~matthieu_chatelan/page.html" "Mozilla/5.0 (X11; Linux x86_64) AppleWebKit/537.36 (KHTML, like Gecko) Chrome/57.0.2987.133 Safari/537.36"
10.192.92.20 - - [30/Mar/2017:11:48:28 +0200] "GET /~matthieu_chatelan/thumb/rapport-d-39-activit%C3%A9-2014_web_thumb.jpg HTTP/1.1" 200 27902 "http://ads.lan.iict.ch/~matthieu_chatelan/page.html" "Mozilla/5.0 (X11; Linux x86_64) AppleWebKit/537.36 (KHTML, like Gecko) Chrome/57.0.2987.133 Safari/537.36"
10.192.92.20 - - [30/Mar/2017:11:48:28 +0200] "GET /~matthieu_chatelan/thumb/gde_2015_2016_thumb.jpg HTTP/1.1" 200 20040 "http://ads.lan.iict.ch/~matthieu_chatelan/page.html" "Mozilla/5.0 (X11; Linux x86_64) AppleWebKit/537.36 (KHTML, like Gecko) Chrome/57.0.2987.133 Safari/537.36"
10.192.91.221 - - [30/Mar/2017:11:51:25 +0200] "GET /~iando_rafidimalalathevoz/foo.txt HTTP/1.1" 403 540 "-" "Mozilla/5.0 (X11; Ubuntu; Linux x86_64; rv:52.0) Gecko/20100101 Firefox/52.0"
10.192.91.81 - - [30/Mar/2017:11:52:11 +0200] "GET /~antoine_nourazar/public_html/raw_files/2_2.png HTTP/1.1" 404 543 "-" "Mozilla/5.0 (X11; Ubuntu; Linux x86_64; rv:52.0) Gecko/20100101 Firefox/52.0"
10.192.92.20 - - [30/Mar/2017:11:52:16 +0200] "GET /~matthieu_chatelan/ HTTP/1.1" 200 932 "-" "Mozilla/5.0 (X11; Linux x86_64) AppleWebKit/537.36 (KHTML, like Gecko) Chrome/57.0.2987.133 Safari/537.36"
10.192.92.20 - - [30/Mar/2017:11:52:18 +0200] "GET /~matthieu_chatelan/make_thumbnails HTTP/1.1" 403 540 "http://ads.lan.iict.ch/~matthieu_chatelan/" "Mozilla/5.0 (X11; Linux x86_64) AppleWebKit/537.36 (KHTML, like Gecko) Chrome/57.0.2987.133 Safari/537.36"
10.192.92.20 - - [30/Mar/2017:11:52:20 +0200] "GET /~matthieu_chatelan/make_html HTTP/1.1" 403 534 "http://ads.lan.iict.ch/~matthieu_chatelan/" "Mozilla/5.0 (X11; Linux x86_64) AppleWebKit/537.36 (KHTML, like Gecko) Chrome/57.0.2987.133 Safari/537.36"
10.192.95.18 - - [30/Mar/2017:11:52:27 +0200] "GET /~hyacinthe_kamenithchieko/raw_files/ HTTP/1.1" 200 1036 "http://ads.lan.iict.ch/~hyacinthe_kamenithchieko/" "Mozilla/5.0 (X11; Ubuntu; Linux x86_64; rv:52.0) Gecko/20100101 Firefox/52.0"
10.192.95.18 - - [30/Mar/2017:11:52:27 +0200] "GET /icons/blank.gif HTTP/1.1" 304 179 "http://ads.lan.iict.ch/~hyacinthe_kamenithchieko/raw_files/" "Mozilla/5.0 (X11; Ubuntu; Linux x86_64; rv:52.0) Gecko/20100101 Firefox/52.0"
10.192.95.18 - - [30/Mar/2017:11:52:27 +0200] "GET /icons/back.gif HTTP/1.1" 304 179 "http://ads.lan.iict.ch/~hyacinthe_kamenithchieko/raw_files/" "Mozilla/5.0 (X11; Ubuntu; Linux x86_64; rv:52.0) Gecko/20100101 Firefox/52.0"
10.192.95.18 - - [30/Mar/2017:11:52:27 +0200] "GET /icons/image2.gif HTTP/1.1" 304 180 "http://ads.lan.iict.ch/~hyacinthe_kamenithchieko/raw_files/" "Mozilla/5.0 (X11; Ubuntu; Linux x86_64; rv:52.0) Gecko/20100101 Firefox/52.0"
10.192.95.18 - - [30/Mar/2017:11:52:27 +0200] "GET /icons/layout.gif HTTP/1.1" 304 180 "http://ads.lan.iict.ch/~hyacinthe_kamenithchieko/raw_files/" "Mozilla/5.0 (X11; Ubuntu; Linux x86_64; rv:52.0) Gecko/20100101 Firefox/52.0"
10.192.95.18 - - [30/Mar/2017:11:52:27 +0200] "GET /icons/unknown.gif HTTP/1.1" 304 179 "http://ads.lan.iict.ch/~hyacinthe_kamenithchieko/raw_files/" "Mozilla/5.0 (X11; Ubuntu; Linux x86_64; rv:52.0) Gecko/20100101 Firefox/52.0"
10.192.95.18 - - [30/Mar/2017:11:52:29 +0200] "GET /~hyacinthe_kamenithchieko/raw_files/shows_dimensions HTTP/1.1" 200 533 "http://ads.lan.iict.ch/~hyacinthe_kamenithchieko/raw_files/" "Mozilla/5.0 (X11; Ubuntu; Linux x86_64; rv:52.0) Gecko/20100101 Firefox/52.0"
10.192.91.81 - - [30/Mar/2017:11:52:42 +0200] "GET /~antoine_nourazar/public_html/raw_files/2_2.jpg HTTP/1.1" 404 543 "-" "Mozilla/5.0 (X11; Ubuntu; Linux x86_64; rv:52.0) Gecko/20100101 Firefox/52.0"
10.192.91.81 - - [30/Mar/2017:11:53:07 +0200] "GET /~antoine_nourazar/public_html/2_2.jpg HTTP/1.1" 404 533 "-" "Mozilla/5.0 (X11; Ubuntu; Linux x86_64; rv:52.0) Gecko/20100101 Firefox/52.0"
10.192.91.81 - - [30/Mar/2017:11:53:16 +0200] "GET /antoine_nourazar/public_html/2_2.jpg HTTP/1.1" 404 532 "-" "Mozilla/5.0 (X11; Ubuntu; Linux x86_64; rv:52.0) Gecko/20100101 Firefox/52.0"
10.192.91.223 - - [30/Mar/2017:11:53:49 +0200] "GET /~camilo_pinedaserna/foo.txt HTTP/1.1" 200 326 "-" "Mozilla/5.0 (X11; Ubuntu; Linux x86_64; rv:52.0) Gecko/20100101 Firefox/52.0"
10.192.91.223 - - [30/Mar/2017:11:53:50 +0200] "GET /favicon.ico HTTP/1.1" 404 506 "-" "Mozilla/5.0 (X11; Ubuntu; Linux x86_64; rv:52.0) Gecko/20100101 Firefox/52.0"
10.192.91.223 - - [30/Mar/2017:11:53:50 +0200] "GET /favicon.ico HTTP/1.1" 404 506 "-" "Mozilla/5.0 (X11; Ubuntu; Linux x86_64; rv:52.0) Gecko/20100101 Firefox/52.0"
10.192.91.81 - - [30/Mar/2017:11:54:02 +0200] "GET /antoine_nourazar HTTP/1.1" 404 512 "-" "Mozilla/5.0 (X11; Ubuntu; Linux x86_64; rv:52.0) Gecko/20100101 Firefox/52.0"
10.192.91.81 - - [30/Mar/2017:11:54:09 +0200] "GET /~antoine_nourazar/ HTTP/1.1" 304 179 "-" "Mozilla/5.0 (X11; Ubuntu; Linux x86_64; rv:52.0) Gecko/20100101 Firefox/52.0"
10.192.91.81 - - [30/Mar/2017:11:54:29 +0200] "GET /~matthieu_chatelan/ HTTP/1.1" 200 932 "-" "Mozilla/5.0 (X11; Ubuntu; Linux x86_64; rv:52.0) Gecko/20100101 Firefox/52.0"
10.192.91.81 - - [30/Mar/2017:11:54:29 +0200] "GET /icons/blank.gif HTTP/1.1" 200 431 "http://ads.lan.iict.ch/~matthieu_chatelan/" "Mozilla/5.0 (X11; Ubuntu; Linux x86_64; rv:52.0) Gecko/20100101 Firefox/52.0"
10.192.91.81 - - [30/Mar/2017:11:54:29 +0200] "GET /icons/back.gif HTTP/1.1" 200 499 "http://ads.lan.iict.ch/~matthieu_chatelan/" "Mozilla/5.0 (X11; Ubuntu; Linux x86_64; rv:52.0) Gecko/20100101 Firefox/52.0"
10.192.91.81 - - [30/Mar/2017:11:54:29 +0200] "GET /icons/text.gif HTTP/1.1" 200 512 "http://ads.lan.iict.ch/~matthieu_chatelan/" "Mozilla/5.0 (X11; Ubuntu; Linux x86_64; rv:52.0) Gecko/20100101 Firefox/52.0"
10.192.91.81 - - [30/Mar/2017:11:54:29 +0200] "GET /icons/unknown.gif HTTP/1.1" 200 528 "http://ads.lan.iict.ch/~matthieu_chatelan/" "Mozilla/5.0 (X11; Ubuntu; Linux x86_64; rv:52.0) Gecko/20100101 Firefox/52.0"
10.192.91.81 - - [30/Mar/2017:11:54:29 +0200] "GET /icons/folder.gif HTTP/1.1" 200 509 "http://ads.lan.iict.ch/~matthieu_chatelan/" "Mozilla/5.0 (X11; Ubuntu; Linux x86_64; rv:52.0) Gecko/20100101 Firefox/52.0"
10.192.91.81 - - [30/Mar/2017:11:54:36 +0200] "GET /~matthieu_chatelan/raw_files/ HTTP/1.1" 200 963 "http://ads.lan.iict.ch/~matthieu_chatelan/" "Mozilla/5.0 (X11; Ubuntu; Linux x86_64; rv:52.0) Gecko/20100101 Firefox/52.0"
10.192.91.81 - - [30/Mar/2017:11:54:36 +0200] "GET /icons/image2.gif HTTP/1.1" 200 593 "http://ads.lan.iict.ch/~matthieu_chatelan/raw_files/" "Mozilla/5.0 (X11; Ubuntu; Linux x86_64; rv:52.0) Gecko/20100101 Firefox/52.0"
10.192.91.81 - - [30/Mar/2017:11:54:36 +0200] "GET /icons/layout.gif HTTP/1.1" 200 560 "http://ads.lan.iict.ch/~matthieu_chatelan/raw_files/" "Mozilla/5.0 (X11; Ubuntu; Linux x86_64; rv:52.0) Gecko/20100101 Firefox/52.0"
10.192.95.18 - - [30/Mar/2017:11:55:32 +0200] "GET /~hyacinthe_kamenithchieko/raw_files/shows_dimensions HTTP/1.1" 200 527 "http://ads.lan.iict.ch/~hyacinthe_kamenithchieko/raw_files/" "Mozilla/5.0 (X11; Ubuntu; Linux x86_64; rv:52.0) Gecko/20100101 Firefox/52.0"
10.192.95.18 - - [30/Mar/2017:11:55:38 +0200] "GET /~hyacinthe_kamenithchieko/raw_files/shows_dimensions HTTP/1.1" 304 181 "http://ads.lan.iict.ch/~hyacinthe_kamenithchieko/raw_files/" "Mozilla/5.0 (X11; Ubuntu; Linux x86_64; rv:52.0) Gecko/20100101 Firefox/52.0"
10.192.95.18 - - [30/Mar/2017:11:55:39 +0200] "GET /~hyacinthe_kamenithchieko/raw_files/shows_dimensions HTTP/1.1" 304 180 "http://ads.lan.iict.ch/~hyacinthe_kamenithchieko/raw_files/" "Mozilla/5.0 (X11; Ubuntu; Linux x86_64; rv:52.0) Gecko/20100101 Firefox/52.0"
10.192.91.221 - - [30/Mar/2017:11:55:46 +0200] "GET /~iando_rafidimalalathevoz/foo.txt HTTP/1.1" 200 308 "-" "Mozilla/5.0 (X11; Ubuntu; Linux x86_64; rv:52.0) Gecko/20100101 Firefox/52.0"
10.192.95.18 - - [30/Mar/2017:11:55:58 +0200] "GET /~hyacinthe_kamenithchieko/raw_files/shows_dimensions HTTP/1.1" 200 527 "http://ads.lan.iict.ch/~hyacinthe_kamenithchieko/raw_files/" "Mozilla/5.0 (X11; Ubuntu; Linux x86_64; rv:52.0) Gecko/20100101 Firefox/52.0"
10.192.95.18 - - [30/Mar/2017:11:55:59 +0200] "GET /~hyacinthe_kamenithchieko/raw_files/shows_dimensions HTTP/1.1" 304 180 "http://ads.lan.iict.ch/~hyacinthe_kamenithchieko/raw_files/" "Mozilla/5.0 (X11; Ubuntu; Linux x86_64; rv:52.0) Gecko/20100101 Firefox/52.0"
10.192.95.18 - - [30/Mar/2017:11:56:00 +0200] "GET /~hyacinthe_kamenithchieko/raw_files/shows_dimensions HTTP/1.1" 304 180 "http://ads.lan.iict.ch/~hyacinthe_kamenithchieko/raw_files/" "Mozilla/5.0 (X11; Ubuntu; Linux x86_64; rv:52.0) Gecko/20100101 Firefox/52.0"
10.192.95.18 - - [30/Mar/2017:11:56:01 +0200] "GET /~hyacinthe_kamenithchieko/raw_files/shows_dimensions HTTP/1.1" 304 180 "http://ads.lan.iict.ch/~hyacinthe_kamenithchieko/raw_files/" "Mozilla/5.0 (X11; Ubuntu; Linux x86_64; rv:52.0) Gecko/20100101 Firefox/52.0"
10.192.91.81 - - [30/Mar/2017:11:56:04 +0200] "GET /~antoine_nourazar/public_html/ HTTP/1.1" 404 526 "-" "Mozilla/5.0 (X11; Ubuntu; Linux x86_64; rv:52.0) Gecko/20100101 Firefox/52.0"
10.192.91.81 - - [30/Mar/2017:11:56:09 +0200] "GET /~antoine_nourazar/public_html HTTP/1.1" 404 525 "-" "Mozilla/5.0 (X11; Ubuntu; Linux x86_64; rv:52.0) Gecko/20100101 Firefox/52.0"
10.192.91.81 - - [30/Mar/2017:11:57:21 +0200] "GET /~antoine_nourazar/2_2.jpg HTTP/1.1" 200 158935 "-" "Mozilla/5.0 (X11; Ubuntu; Linux x86_64; rv:52.0) Gecko/20100101 Firefox/52.0"
10.192.91.81 - - [30/Mar/2017:11:58:11 +0200] "GET /~matthieu_chatelan/ HTTP/1.1" 200 932 "-" "Mozilla/5.0 (X11; Ubuntu; Linux x86_64; rv:52.0) Gecko/20100101 Firefox/52.0"
10.192.91.81 - - [30/Mar/2017:11:58:14 +0200] "GET /~matthieu_chatelan/raw_files/ HTTP/1.1" 200 962 "http://ads.lan.iict.ch/~matthieu_chatelan/" "Mozilla/5.0 (X11; Ubuntu; Linux x86_64; rv:52.0) Gecko/20100101 Firefox/52.0"
10.192.94.51 - - [30/Mar/2017:11:59:48 +0200] "GET / HTTP/1.1" 200 3525 "-" "Mozilla/5.0 (Macintosh; Intel Mac OS X 10_12_4) AppleWebKit/603.1.30 (KHTML, like Gecko) Version/10.1 Safari/603.1.30"
10.192.94.51 - - [30/Mar/2017:11:59:48 +0200] "GET /icons/ubuntu-logo.png HTTP/1.1" 200 3623 "http://ads.lan.iict.ch/" "Mozilla/5.0 (Macintosh; Intel Mac OS X 10_12_4) AppleWebKit/603.1.30 (KHTML, like Gecko) Version/10.1 Safari/603.1.30"
10.192.94.51 - - [30/Mar/2017:11:59:48 +0200] "GET /favicon.ico HTTP/1.1" 404 506 "http://ads.lan.iict.ch/" "Mozilla/5.0 (Macintosh; Intel Mac OS X 10_12_4) AppleWebKit/603.1.30 (KHTML, like Gecko) Version/10.1 Safari/603.1.30"
10.192.91.81 - - [30/Mar/2017:11:59:49 +0200] "GET /~matthieu_chatelan/ HTTP/1.1" 200 932 "-" "Mozilla/5.0 (X11; Ubuntu; Linux x86_64; rv:52.0) Gecko/20100101 Firefox/52.0"
10.192.94.51 - - [30/Mar/2017:11:59:52 +0200] "GET /~marcel_graf/index.html HTTP/1.1" 200 286 "-" "Mozilla/5.0 (Macintosh; Intel Mac OS X 10_12_4) AppleWebKit/603.1.30 (KHTML, like Gecko) Version/10.1 Safari/603.1.30"
10.192.94.51 - - [30/Mar/2017:11:59:56 +0200] "GET /~antoine_nourazar/ HTTP/1.1" 200 281 "-" "Mozilla/5.0 (Macintosh; Intel Mac OS X 10_12_4) AppleWebKit/603.1.30 (KHTML, like Gecko) Version/10.1 Safari/603.1.30"
10.192.94.51 - - [30/Mar/2017:12:00:16 +0200] "GET /~antoine_nourazar/2_2.jpg HTTP/1.1" 200 158935 "-" "Mozilla/5.0 (Macintosh; Intel Mac OS X 10_12_4) AppleWebKit/603.1.30 (KHTML, like Gecko) Version/10.1 Safari/603.1.30"
10.192.94.51 - - [30/Mar/2017:12:00:22 +0200] "GET /~antoine_nourazar/ HTTP/1.1" 200 281 "-" "Mozilla/5.0 (Macintosh; Intel Mac OS X 10_12_4) AppleWebKit/603.1.30 (KHTML, like Gecko) Version/10.1 Safari/603.1.30"
10.192.91.81 - - [30/Mar/2017:12:01:28 +0200] "GET /~camilo_pinedaserna HTTP/1.1" 301 612 "-" "Mozilla/5.0 (X11; Ubuntu; Linux x86_64; rv:52.0) Gecko/20100101 Firefox/52.0"
10.192.91.81 - - [30/Mar/2017:12:01:28 +0200] "GET /~camilo_pinedaserna/ HTTP/1.1" 200 714 "-" "Mozilla/5.0 (X11; Ubuntu; Linux x86_64; rv:52.0) Gecko/20100101 Firefox/52.0"
10.192.94.51 - - [30/Mar/2017:12:01:29 +0200] "GET /~matthieu_chatelan/ HTTP/1.1" 200 932 "-" "Mozilla/5.0 (Macintosh; Intel Mac OS X 10_12_4) AppleWebKit/603.1.30 (KHTML, like Gecko) Version/10.1 Safari/603.1.30"
10.192.94.51 - - [30/Mar/2017:12:01:29 +0200] "GET /icons/blank.gif HTTP/1.1" 200 431 "http://ads.lan.iict.ch/~matthieu_chatelan/" "Mozilla/5.0 (Macintosh; Intel Mac OS X 10_12_4) AppleWebKit/603.1.30 (KHTML, like Gecko) Version/10.1 Safari/603.1.30"
10.192.94.51 - - [30/Mar/2017:12:01:29 +0200] "GET /icons/unknown.gif HTTP/1.1" 200 529 "http://ads.lan.iict.ch/~matthieu_chatelan/" "Mozilla/5.0 (Macintosh; Intel Mac OS X 10_12_4) AppleWebKit/603.1.30 (KHTML, like Gecko) Version/10.1 Safari/603.1.30"
10.192.94.51 - - [30/Mar/2017:12:01:29 +0200] "GET /icons/back.gif HTTP/1.1" 200 500 "http://ads.lan.iict.ch/~matthieu_chatelan/" "Mozilla/5.0 (Macintosh; Intel Mac OS X 10_12_4) AppleWebKit/603.1.30 (KHTML, like Gecko) Version/10.1 Safari/603.1.30"
10.192.94.51 - - [30/Mar/2017:12:01:29 +0200] "GET /icons/text.gif HTTP/1.1" 200 513 "http://ads.lan.iict.ch/~matthieu_chatelan/" "Mozilla/5.0 (Macintosh; Intel Mac OS X 10_12_4) AppleWebKit/603.1.30 (KHTML, like Gecko) Version/10.1 Safari/603.1.30"
10.192.94.51 - - [30/Mar/2017:12:01:29 +0200] "GET /icons/folder.gif HTTP/1.1" 200 509 "http://ads.lan.iict.ch/~matthieu_chatelan/" "Mozilla/5.0 (Macintosh; Intel Mac OS X 10_12_4) AppleWebKit/603.1.30 (KHTML, like Gecko) Version/10.1 Safari/603.1.30"
10.192.91.81 - - [30/Mar/2017:12:01:52 +0200] "GET /~antoine_nourazar/ HTTP/1.1" 304 179 "-" "Mozilla/5.0 (X11; Ubuntu; Linux x86_64; rv:52.0) Gecko/20100101 Firefox/52.0"
10.192.91.81 - - [30/Mar/2017:12:11:03 +0200] "GET /~antoine_nourazar/ HTTP/1.1" 304 179 "-" "Mozilla/5.0 (X11; Ubuntu; Linux x86_64; rv:52.0) Gecko/20100101 Firefox/52.0"
10.192.94.51 - - [30/Mar/2017:12:11:03 +0200] "GET /~marcel_graf/ HTTP/1.1" 200 287 "-" "Mozilla/5.0 (Macintosh; Intel Mac OS X 10_12_4) AppleWebKit/603.1.30 (KHTML, like Gecko) Version/10.1 Safari/603.1.30"
10.192.91.81 - - [30/Mar/2017:12:11:03 +0200] "GET /~antoine_nourazar/ HTTP/1.1" 304 178 "-" "Mozilla/5.0 (X11; Ubuntu; Linux x86_64; rv:52.0) Gecko/20100101 Firefox/52.0"
10.192.91.81 - - [30/Mar/2017:12:11:03 +0200] "GET /~antoine_nourazar/ HTTP/1.1" 304 178 "-" "Mozilla/5.0 (X11; Ubuntu; Linux x86_64; rv:52.0) Gecko/20100101 Firefox/52.0"
10.192.91.81 - - [30/Mar/2017:12:11:04 +0200] "GET /~antoine_nourazar/ HTTP/1.1" 304 178 "-" "Mozilla/5.0 (X11; Ubuntu; Linux x86_64; rv:52.0) Gecko/20100101 Firefox/52.0"
10.192.91.81 - - [30/Mar/2017:12:11:04 +0200] "GET /~antoine_nourazar/ HTTP/1.1" 304 178 "-" "Mozilla/5.0 (X11; Ubuntu; Linux x86_64; rv:52.0) Gecko/20100101 Firefox/52.0"
10.192.91.81 - - [30/Mar/2017:12:11:04 +0200] "GET /~antoine_nourazar/ HTTP/1.1" 304 178 "-" "Mozilla/5.0 (X11; Ubuntu; Linux x86_64; rv:52.0) Gecko/20100101 Firefox/52.0"
10.192.94.51 - - [30/Mar/2017:12:11:12 +0200] "GET /~marcel_graf/ HTTP/1.1" 200 287 "-" "Mozilla/5.0 (Macintosh; Intel Mac OS X 10_12_4) AppleWebKit/603.1.30 (KHTML, like Gecko) Version/10.1 Safari/603.1.30"
10.192.91.81 - - [30/Mar/2017:12:11:47 +0200] "GET /~antoine_nourazar/ HTTP/1.1" 304 179 "-" "Mozilla/5.0 (X11; Ubuntu; Linux x86_64; rv:52.0) Gecko/20100101 Firefox/52.0"
10.192.91.81 - - [30/Mar/2017:12:11:47 +0200] "GET /~antoine_nourazar/ HTTP/1.1" 304 178 "-" "Mozilla/5.0 (X11; Ubuntu; Linux x86_64; rv:52.0) Gecko/20100101 Firefox/52.0"
10.192.91.81 - - [30/Mar/2017:12:11:47 +0200] "GET /~antoine_nourazar/ HTTP/1.1" 304 178 "-" "Mozilla/5.0 (X11; Ubuntu; Linux x86_64; rv:52.0) Gecko/20100101 Firefox/52.0"
10.192.91.81 - - [30/Mar/2017:12:11:48 +0200] "GET /~antoine_nourazar/ HTTP/1.1" 304 178 "-" "Mozilla/5.0 (X11; Ubuntu; Linux x86_64; rv:52.0) Gecko/20100101 Firefox/52.0"
10.192.91.81 - - [30/Mar/2017:12:11:48 +0200] "GET /~antoine_nourazar/ HTTP/1.1" 304 178 "-" "Mozilla/5.0 (X11; Ubuntu; Linux x86_64; rv:52.0) Gecko/20100101 Firefox/52.0"
10.192.91.81 - - [30/Mar/2017:12:11:48 +0200] "GET /~antoine_nourazar/ HTTP/1.1" 304 178 "-" "Mozilla/5.0 (X11; Ubuntu; Linux x86_64; rv:52.0) Gecko/20100101 Firefox/52.0"
10.192.91.81 - - [30/Mar/2017:12:11:48 +0200] "GET /~antoine_nourazar/ HTTP/1.1" 304 178 "-" "Mozilla/5.0 (X11; Ubuntu; Linux x86_64; rv:52.0) Gecko/20100101 Firefox/52.0"
10.192.91.81 - - [30/Mar/2017:12:11:48 +0200] "GET /~antoine_nourazar/ HTTP/1.1" 304 178 "-" "Mozilla/5.0 (X11; Ubuntu; Linux x86_64; rv:52.0) Gecko/20100101 Firefox/52.0"
10.192.91.81 - - [30/Mar/2017:12:11:48 +0200] "GET /~antoine_nourazar/ HTTP/1.1" 304 178 "-" "Mozilla/5.0 (X11; Ubuntu; Linux x86_64; rv:52.0) Gecko/20100101 Firefox/52.0"
10.192.91.81 - - [30/Mar/2017:12:11:49 +0200] "GET /~antoine_nourazar/ HTTP/1.1" 304 178 "-" "Mozilla/5.0 (X11; Ubuntu; Linux x86_64; rv:52.0) Gecko/20100101 Firefox/52.0"
10.192.91.81 - - [30/Mar/2017:12:12:01 +0200] "GET /~antoine_nourazar/2_2.jpg HTTP/1.1" 304 183 "-" "Mozilla/5.0 (X11; Ubuntu; Linux x86_64; rv:52.0) Gecko/20100101 Firefox/52.0"
10.192.91.81 - - [30/Mar/2017:12:12:08 +0200] "GET /~antoine_nourazar/raw_files/2_2.jpg HTTP/1.1" 200 158935 "-" "Mozilla/5.0 (X11; Ubuntu; Linux x86_64; rv:52.0) Gecko/20100101 Firefox/52.0"
10.192.91.223 - - [30/Mar/2017:12:16:15 +0200] "GET /~camilo_pinedaserna/foo.txt HTTP/1.1" 304 180 "-" "Mozilla/5.0 (X11; Ubuntu; Linux x86_64; rv:52.0) Gecko/20100101 Firefox/52.0"
10.192.91.223 - - [30/Mar/2017:12:16:16 +0200] "GET /~camilo_pinedaserna/foo.txt HTTP/1.1" 304 179 "-" "Mozilla/5.0 (X11; Ubuntu; Linux x86_64; rv:52.0) Gecko/20100101 Firefox/52.0"
10.192.91.223 - - [30/Mar/2017:12:16:20 +0200] "GET /~camilo_pinedaserna/ HTTP/1.1" 200 795 "-" "Mozilla/5.0 (X11; Ubuntu; Linux x86_64; rv:52.0) Gecko/20100101 Firefox/52.0"
10.192.91.223 - - [30/Mar/2017:12:16:20 +0200] "GET /icons/blank.gif HTTP/1.1" 200 431 "http://ads.lan.iict.ch/~camilo_pinedaserna/" "Mozilla/5.0 (X11; Ubuntu; Linux x86_64; rv:52.0) Gecko/20100101 Firefox/52.0"
10.192.91.223 - - [30/Mar/2017:12:16:20 +0200] "GET /icons/back.gif HTTP/1.1" 200 499 "http://ads.lan.iict.ch/~camilo_pinedaserna/" "Mozilla/5.0 (X11; Ubuntu; Linux x86_64; rv:52.0) Gecko/20100101 Firefox/52.0"
10.192.91.223 - - [30/Mar/2017:12:16:20 +0200] "GET /icons/text.gif HTTP/1.1" 200 512 "http://ads.lan.iict.ch/~camilo_pinedaserna/" "Mozilla/5.0 (X11; Ubuntu; Linux x86_64; rv:52.0) Gecko/20100101 Firefox/52.0"
10.192.91.223 - - [30/Mar/2017:12:16:20 +0200] "GET /icons/compressed.gif HTTP/1.1" 200 1324 "http://ads.lan.iict.ch/~camilo_pinedaserna/" "Mozilla/5.0 (X11; Ubuntu; Linux x86_64; rv:52.0) Gecko/20100101 Firefox/52.0"
10.192.91.223 - - [30/Mar/2017:12:16:20 +0200] "GET /icons/folder.gif HTTP/1.1" 200 509 "http://ads.lan.iict.ch/~camilo_pinedaserna/" "Mozilla/5.0 (X11; Ubuntu; Linux x86_64; rv:52.0) Gecko/20100101 Firefox/52.0"
10.192.91.223 - - [30/Mar/2017:12:17:22 +0200] "GET /~camilo_pinedaserna/raw_files/ HTTP/1.1" 200 990 "http://ads.lan.iict.ch/~camilo_pinedaserna/" "Mozilla/5.0 (X11; Ubuntu; Linux x86_64; rv:52.0) Gecko/20100101 Firefox/52.0"
10.192.91.223 - - [30/Mar/2017:12:17:22 +0200] "GET /icons/image2.gif HTTP/1.1" 200 593 "http://ads.lan.iict.ch/~camilo_pinedaserna/raw_files/" "Mozilla/5.0 (X11; Ubuntu; Linux x86_64; rv:52.0) Gecko/20100101 Firefox/52.0"
10.192.91.223 - - [30/Mar/2017:12:17:22 +0200] "GET /icons/layout.gif HTTP/1.1" 200 560 "http://ads.lan.iict.ch/~camilo_pinedaserna/raw_files/" "Mozilla/5.0 (X11; Ubuntu; Linux x86_64; rv:52.0) Gecko/20100101 Firefox/52.0"
10.192.91.221 - - [30/Mar/2017:12:37:15 +0200] "GET /favicon.ico HTTP/1.1" 404 507 "-" "Mozilla/5.0 (X11; Ubuntu; Linux x86_64; rv:52.0) Gecko/20100101 Firefox/52.0"
10.192.91.221 - - [30/Mar/2017:12:37:15 +0200] "GET /favicon.ico HTTP/1.1" 404 506 "-" "Mozilla/5.0 (X11; Ubuntu; Linux x86_64; rv:52.0) Gecko/20100101 Firefox/52.0"
10.192.91.221 - - [30/Mar/2017:14:02:00 +0200] "GET /favicon.ico HTTP/1.1" 404 507 "-" "Mozilla/5.0 (X11; Ubuntu; Linux x86_64; rv:52.0) Gecko/20100101 Firefox/52.0"
10.192.91.221 - - [30/Mar/2017:14:02:00 +0200] "GET /favicon.ico HTTP/1.1" 404 506 "-" "Mozilla/5.0 (X11; Ubuntu; Linux x86_64; rv:52.0) Gecko/20100101 Firefox/52.0"
10.192.91.221 - - [30/Mar/2017:14:50:24 +0200] "GET /favicon.ico HTTP/1.1" 404 507 "-" "Mozilla/5.0 (X11; Ubuntu; Linux x86_64; rv:52.0) Gecko/20100101 Firefox/52.0"
10.192.91.221 - - [30/Mar/2017:14:50:24 +0200] "GET /favicon.ico HTTP/1.1" 404 506 "-" "Mozilla/5.0 (X11; Ubuntu; Linux x86_64; rv:52.0) Gecko/20100101 Firefox/52.0"
10.192.91.221 - - [30/Mar/2017:15:29:46 +0200] "GET /~iando_rafidimalalathevoz/foo.txt HTTP/1.1" 304 180 "-" "Mozilla/5.0 (X11; Ubuntu; Linux x86_64; rv:52.0) Gecko/20100101 Firefox/52.0"
10.192.91.221 - - [30/Mar/2017:15:29:47 +0200] "GET /~iando_rafidimalalathevoz/foo.txt HTTP/1.1" 304 179 "-" "Mozilla/5.0 (X11; Ubuntu; Linux x86_64; rv:52.0) Gecko/20100101 Firefox/52.0"
10.192.91.221 - - [30/Mar/2017:15:29:47 +0200] "GET /~iando_rafidimalalathevoz/foo.txt HTTP/1.1" 304 179 "-" "Mozilla/5.0 (X11; Ubuntu; Linux x86_64; rv:52.0) Gecko/20100101 Firefox/52.0"
10.192.91.221 - - [30/Mar/2017:15:29:48 +0200] "GET /~iando_rafidimalalathevoz/foo.txt HTTP/1.1" 304 179 "-" "Mozilla/5.0 (X11; Ubuntu; Linux x86_64; rv:52.0) Gecko/20100101 Firefox/52.0"
10.192.91.221 - - [30/Mar/2017:15:29:48 +0200] "GET /~iando_rafidimalalathevoz/foo.txt HTTP/1.1" 304 179 "-" "Mozilla/5.0 (X11; Ubuntu; Linux x86_64; rv:52.0) Gecko/20100101 Firefox/52.0"
10.192.91.221 - - [30/Mar/2017:15:29:49 +0200] "GET /~iando_rafidimalalathevoz/foo.txt HTTP/1.1" 304 179 "-" "Mozilla/5.0 (X11; Ubuntu; Linux x86_64; rv:52.0) Gecko/20100101 Firefox/52.0"
10.192.91.221 - - [30/Mar/2017:15:29:49 +0200] "GET /~iando_rafidimalalathevoz/foo.txt HTTP/1.1" 304 179 "-" "Mozilla/5.0 (X11; Ubuntu; Linux x86_64; rv:52.0) Gecko/20100101 Firefox/52.0"
10.192.91.221 - - [30/Mar/2017:15:29:50 +0200] "GET /~iando_rafidimalalathevoz/foo.txt HTTP/1.1" 304 179 "-" "Mozilla/5.0 (X11; Ubuntu; Linux x86_64; rv:52.0) Gecko/20100101 Firefox/52.0"
10.192.91.221 - - [30/Mar/2017:15:29:54 +0200] "GET /~iando_rafidimalalathevoz/ HTTP/1.1" 200 719 "-" "Mozilla/5.0 (X11; Ubuntu; Linux x86_64; rv:52.0) Gecko/20100101 Firefox/52.0"
10.192.91.221 - - [30/Mar/2017:15:29:54 +0200] "GET /icons/blank.gif HTTP/1.1" 200 431 "http://ads.lan.iict.ch/~iando_rafidimalalathevoz/" "Mozilla/5.0 (X11; Ubuntu; Linux x86_64; rv:52.0) Gecko/20100101 Firefox/52.0"
10.192.91.221 - - [30/Mar/2017:15:29:54 +0200] "GET /icons/back.gif HTTP/1.1" 200 500 "http://ads.lan.iict.ch/~iando_rafidimalalathevoz/" "Mozilla/5.0 (X11; Ubuntu; Linux x86_64; rv:52.0) Gecko/20100101 Firefox/52.0"
10.192.91.221 - - [30/Mar/2017:15:29:54 +0200] "GET /icons/text.gif HTTP/1.1" 200 512 "http://ads.lan.iict.ch/~iando_rafidimalalathevoz/" "Mozilla/5.0 (X11; Ubuntu; Linux x86_64; rv:52.0) Gecko/20100101 Firefox/52.0"
